

================================================================
== Vitis HLS Report for 'fir'
================================================================
* Date:           Thu Oct  8 23:31:37 2026

* Version:        2024.2 (Build 5238294 on Nov  8 2024)
* Project:        fir.comp
* Solution:       hls (Vivado IP Flow Target)
* Product family: zynq
* Target device:  xc7z020-clg400-1


================================================================
== Performance Estimates
================================================================
+ Timing: 
    * Summary: 
    +--------+----------+----------+------------+
    |  Clock |  Target  | Estimated| Uncertainty|
    +--------+----------+----------+------------+
    |ap_clk  |  10.00 ns|  6.603 ns|     2.70 ns|
    +--------+----------+----------+------------+

+ Latency: 
    * Summary: 
    +---------+---------+----------+----------+-----+-----+---------+
    |  Latency (cycles) |  Latency (absolute) |  Interval | Pipeline|
    |   min   |   max   |    min   |    max   | min | max |   Type  |
    +---------+---------+----------+----------+-----+-----+---------+
    |       27|       27|  0.270 us|  0.270 us|    1|    1|      yes|
    +---------+---------+----------+----------+-----+-----+---------+

    + Detail: 
        * Instance: 
        N/A

        * Loop: 
        N/A



================================================================
== Utilization Estimates
================================================================
* Summary: 
+-----------------+---------+-----+--------+-------+-----+
|       Name      | BRAM_18K| DSP |   FF   |  LUT  | URAM|
+-----------------+---------+-----+--------+-------+-----+
|DSP              |        -|    1|       -|      -|    -|
|Expression       |        -|    -|       0|   2072|    -|
|FIFO             |        -|    -|       -|      -|    -|
|Instance         |        -|    -|       -|      -|    -|
|Memory           |        -|    -|       -|      -|    -|
|Multiplexer      |        -|    -|       -|      -|    -|
|Register         |        -|    -|    8703|   2176|    -|
+-----------------+---------+-----+--------+-------+-----+
|Total            |        0|    1|    8703|   4248|    0|
+-----------------+---------+-----+--------+-------+-----+
|Available        |      280|  220|  106400|  53200|    0|
+-----------------+---------+-----+--------+-------+-----+
|Utilization (%)  |        0|   ~0|       8|      7|    0|
+-----------------+---------+-----+--------+-------+-----+

+ Detail: 
    * Instance: 
    N/A

    * DSP: 
    +--------------------------------------------+-----------------------------------------+---------------------+
    |                  Instance                  |                  Module                 |      Expression     |
    +--------------------------------------------+-----------------------------------------+---------------------+
    |ama_addmuladd_16ns_16ns_4ns_16ns_16_4_1_U1  |ama_addmuladd_16ns_16ns_4ns_16ns_16_4_1  |  i0 + (i1 + i2) * i3|
    +--------------------------------------------+-----------------------------------------+---------------------+

    * Memory: 
    N/A

    * FIFO: 
    N/A

    * Expression: 
    +---------------------+----------+----+---+----+------------+------------+
    |    Variable Name    | Operation| DSP| FF| LUT| Bitwidth P0| Bitwidth P1|
    +---------------------+----------+----+---+----+------------+------------+
    |acc_fu_2270_p2       |         +|   0|  0|  16|          16|          16|
    |add_ln50_fu_2264_p2  |         +|   0|  0|  16|          16|          16|
    |tmp103_fu_2069_p2    |         +|   0|  0|  16|          16|          16|
    |tmp10_fu_1774_p2     |         +|   0|  0|  16|          16|          16|
    |tmp119_fu_2125_p2    |         +|   0|  0|  16|          16|          16|
    |tmp11_fu_1768_p2     |         +|   0|  0|  16|          16|          16|
    |tmp12_fu_1902_p2     |         +|   0|  0|  16|          16|          16|
    |tmp13_fu_1898_p2     |         +|   0|  0|  16|          16|          16|
    |tmp144_fu_2248_p2    |         +|   0|  0|  23|          16|          16|
    |tmp14_fu_1786_p2     |         +|   0|  0|  16|          16|          16|
    |tmp157_fu_1483_p2    |         +|   0|  0|  23|          16|          16|
    |tmp15_fu_1780_p2     |         +|   0|  0|  16|          16|          16|
    |tmp165_fu_1911_p2    |         +|   0|  0|  16|          16|          16|
    |tmp16_fu_1798_p2     |         +|   0|  0|  16|          16|          16|
    |tmp173_fu_2019_p2    |         +|   0|  0|  16|          16|          16|
    |tmp17_fu_1792_p2     |         +|   0|  0|  16|          16|          16|
    |tmp18_fu_1815_p2     |         +|   0|  0|  16|          16|          16|
    |tmp190_fu_1851_p2    |         +|   0|  0|  16|          16|          16|
    |tmp194_fu_1952_p2    |         +|   0|  0|  16|          16|          16|
    |tmp197_fu_1992_p2    |         +|   0|  0|  16|          16|          16|
    |tmp19_fu_1809_p2     |         +|   0|  0|  16|          16|          16|
    |tmp1_fu_1934_p2      |         +|   0|  0|  16|          16|          16|
    |tmp208_fu_1860_p2    |         +|   0|  0|  13|          13|          13|
    |tmp20_fu_1804_p2     |         +|   0|  0|  23|          16|          16|
    |tmp212_fu_1961_p2    |         +|   0|  0|  13|          13|          13|
    |tmp2151_fu_2001_p2   |         +|   0|  0|  13|          13|          13|
    |tmp21_fu_1441_p2     |         +|   0|  0|  16|          16|          16|
    |tmp22_fu_1435_p2     |         +|   0|  0|  16|          16|          16|
    |tmp23_fu_2064_p2     |         +|   0|  0|  16|          16|          16|
    |tmp24_fu_2060_p2     |         +|   0|  0|  16|          16|          16|
    |tmp25_fu_1447_p2     |         +|   0|  0|  23|          16|          16|
    |tmp26_fu_1824_p2     |         +|   0|  0|  16|          16|          16|
    |tmp27_fu_1820_p2     |         +|   0|  0|  16|          16|          16|
    |tmp28_fu_1459_p2     |         +|   0|  0|  16|          16|          16|
    |tmp29_fu_1453_p2     |         +|   0|  0|  16|          16|          16|
    |tmp2_fu_1884_p2      |         +|   0|  0|  16|          16|          16|
    |tmp30_fu_2121_p2     |         +|   0|  0|  16|          16|          16|
    |tmp31_fu_2116_p2     |         +|   0|  0|  16|          16|          16|
    |tmp32_fu_1465_p2     |         +|   0|  0|  23|          16|          16|
    |tmp33_fu_1833_p2     |         +|   0|  0|  16|          16|          16|
    |tmp34_fu_1829_p2     |         +|   0|  0|  16|          16|          16|
    |tmp35_fu_1477_p2     |         +|   0|  0|  16|          16|          16|
    |tmp36_fu_1471_p2     |         +|   0|  0|  16|          16|          16|
    |tmp37_fu_1907_p2     |         +|   0|  0|  16|          16|          16|
    |tmp38_fu_1507_p2     |         +|   0|  0|  16|          16|          16|
    |tmp39_fu_1501_p2     |         +|   0|  0|  16|          16|          16|
    |tmp3_fu_1878_p2      |         +|   0|  0|  16|          16|          16|
    |tmp40_fu_2015_p2     |         +|   0|  0|  16|          16|          16|
    |tmp41_fu_1519_p2     |         +|   0|  0|  16|          16|          16|
    |tmp42_fu_1513_p2     |         +|   0|  0|  16|          16|          16|
    |tmp43_fu_1525_p2     |         +|   0|  0|  23|          16|          16|
    |tmp44_fu_1847_p2     |         +|   0|  0|  16|          16|          16|
    |tmp45_fu_1543_p2     |         +|   0|  0|  23|          16|          16|
    |tmp46_fu_1856_p2     |         +|   0|  0|  13|          13|          13|
    |tmp47_fu_1561_p2     |         +|   0|  0|  14|          13|          13|
    |tmp4_fu_1874_p2      |         +|   0|  0|  23|          16|          16|
    |tmp5_fu_1756_p2      |         +|   0|  0|  16|          16|          16|
    |tmp6_fu_1750_p2      |         +|   0|  0|  16|          16|          16|
    |tmp7_fu_1893_p2      |         +|   0|  0|  16|          16|          16|
    |tmp8_fu_1889_p2      |         +|   0|  0|  16|          16|          16|
    |tmp9_fu_1762_p2      |         +|   0|  0|  23|          16|          16|
    |tmp_fu_1938_p2       |         +|   0|  0|  16|          16|          16|
    |grp_fu_2280_p1       |         -|   0|  0|  16|          16|          16|
    |tmp104_fu_2073_p2    |         -|   0|  0|  16|          16|          16|
    |tmp105_fu_2085_p2    |         -|   0|  0|  16|          16|          16|
    |tmp106_fu_2089_p2    |         -|   0|  0|  16|          16|          16|
    |tmp107_fu_2094_p2    |         -|   0|  0|  16|          16|          16|
    |tmp108_fu_2098_p2    |         -|   0|  0|  16|          16|          16|
    |tmp109_fu_2103_p2    |         -|   0|  0|  16|          16|          16|
    |tmp110_fu_2107_p2    |         -|   0|  0|  16|          16|          16|
    |tmp111_fu_2112_p2    |         -|   0|  0|  16|          16|          16|
    |tmp120_fu_2130_p2    |         -|   0|  0|  16|          16|          16|
    |tmp121_fu_2134_p2    |         -|   0|  0|  16|          16|          16|
    |tmp122_fu_2139_p2    |         -|   0|  0|  16|          16|          16|
    |tmp123_fu_2143_p2    |         -|   0|  0|  16|          16|          16|
    |tmp124_fu_2148_p2    |         -|   0|  0|  16|          16|          16|
    |tmp125_fu_2152_p2    |         -|   0|  0|  16|          16|          16|
    |tmp126_fu_2157_p2    |         -|   0|  0|  16|          16|          16|
    |tmp127_fu_2161_p2    |         -|   0|  0|  16|          16|          16|
    |tmp128_fu_2166_p2    |         -|   0|  0|  16|          16|          16|
    |tmp129_fu_2170_p2    |         -|   0|  0|  16|          16|          16|
    |tmp130_fu_2175_p2    |         -|   0|  0|  16|          16|          16|
    |tmp131_fu_2179_p2    |         -|   0|  0|  16|          16|          16|
    |tmp132_fu_2184_p2    |         -|   0|  0|  16|          16|          16|
    |tmp133_fu_2188_p2    |         -|   0|  0|  16|          16|          16|
    |tmp134_fu_2193_p2    |         -|   0|  0|  16|          16|          16|
    |tmp135_fu_2197_p2    |         -|   0|  0|  16|          16|          16|
    |tmp136_fu_2202_p2    |         -|   0|  0|  16|          16|          16|
    |tmp137_fu_2206_p2    |         -|   0|  0|  16|          16|          16|
    |tmp138_fu_2211_p2    |         -|   0|  0|  16|          16|          16|
    |tmp139_fu_2215_p2    |         -|   0|  0|  16|          16|          16|
    |tmp140_fu_2220_p2    |         -|   0|  0|  16|          16|          16|
    |tmp141_fu_2224_p2    |         -|   0|  0|  16|          16|          16|
    |tmp142_fu_2229_p2    |         -|   0|  0|  16|          16|          16|
    |tmp143_fu_2233_p2    |         -|   0|  0|  16|          16|          16|
    |tmp158_fu_1489_p2    |         -|   0|  0|  16|          16|          16|
    |tmp159_fu_1495_p2    |         -|   0|  0|  16|          16|          16|
    |tmp160_fu_1838_p2    |         -|   0|  0|  16|          16|          16|
    |tmp161_fu_1842_p2    |         -|   0|  0|  16|          16|          16|
    |tmp166_fu_1943_p2    |         -|   0|  0|  16|          16|          16|
    |tmp167_fu_1947_p2    |         -|   0|  0|  16|          16|          16|
    |tmp168_fu_1979_p2    |         -|   0|  0|  16|          16|          16|
    |tmp169_fu_1983_p2    |         -|   0|  0|  16|          16|          16|
    |tmp174_fu_2033_p2    |         -|   0|  0|  16|          16|          16|
    |tmp175_fu_2037_p2    |         -|   0|  0|  16|          16|          16|
    |tmp176_fu_2051_p2    |         -|   0|  0|  16|          16|          16|
    |tmp187_fu_1531_p2    |         -|   0|  0|  16|          16|          16|
    |tmp188_fu_1537_p2    |         -|   0|  0|  16|          16|          16|
    |tmp191_fu_1916_p2    |         -|   0|  0|  16|          16|          16|
    |tmp192_fu_1920_p2    |         -|   0|  0|  16|          16|          16|
    |tmp195_fu_1956_p2    |         -|   0|  0|  16|          16|          16|
    |tmp196_fu_1988_p2    |         -|   0|  0|  16|          16|          16|
    |tmp198_fu_2259_p2    |         -|   0|  0|  23|          16|          16|
    |tmp205_fu_1549_p2    |         -|   0|  0|  13|          13|          13|
    |tmp206_fu_1555_p2    |         -|   0|  0|  13|          13|          13|
    |tmp209_fu_1925_p2    |         -|   0|  0|  13|          13|          13|
    |tmp210_fu_1929_p2    |         -|   0|  0|  13|          13|          13|
    |tmp213_fu_1965_p2    |         -|   0|  0|  13|          13|          13|
    |tmp214_fu_1997_p2    |         -|   0|  0|  13|          13|          13|
    |tmp88_fu_1970_p2     |         -|   0|  0|  16|          16|          16|
    |tmp89_fu_1974_p2     |         -|   0|  0|  16|          16|          16|
    |tmp90_fu_2006_p2     |         -|   0|  0|  16|          16|          16|
    |tmp91_fu_2010_p2     |         -|   0|  0|  16|          16|          16|
    |tmp92_fu_2024_p2     |         -|   0|  0|  16|          16|          16|
    |tmp93_fu_2028_p2     |         -|   0|  0|  16|          16|          16|
    |tmp94_fu_2042_p2     |         -|   0|  0|  16|          16|          16|
    |tmp95_fu_2046_p2     |         -|   0|  0|  16|          16|          16|
    |ap_enable_pp0        |       xor|   0|  0|   2|           1|           2|
    +---------------------+----------+----+---+----+------------+------------+
    |Total                |          |   0|  0|2072|        2000|        2001|
    +---------------------+----------+----+---+----+------------+------------+

    * Multiplexer: 
    N/A

    * Register: 
    +-------------------------------------------------------+----+----+-----+-----------+
    |                          Name                         | FF | LUT| Bits| Const Bits|
    +-------------------------------------------------------+----+----+-----+-----------+
    |add_ln50_1_reg_2907                                    |  16|   0|   16|          0|
    |ap_CS_fsm                                              |   1|   0|    1|          0|
    |ap_enable_reg_pp0_iter1                                |   1|   0|    1|          0|
    |ap_enable_reg_pp0_iter10                               |   1|   0|    1|          0|
    |ap_enable_reg_pp0_iter11                               |   1|   0|    1|          0|
    |ap_enable_reg_pp0_iter12                               |   1|   0|    1|          0|
    |ap_enable_reg_pp0_iter13                               |   1|   0|    1|          0|
    |ap_enable_reg_pp0_iter14                               |   1|   0|    1|          0|
    |ap_enable_reg_pp0_iter15                               |   1|   0|    1|          0|
    |ap_enable_reg_pp0_iter16                               |   1|   0|    1|          0|
    |ap_enable_reg_pp0_iter17                               |   1|   0|    1|          0|
    |ap_enable_reg_pp0_iter18                               |   1|   0|    1|          0|
    |ap_enable_reg_pp0_iter19                               |   1|   0|    1|          0|
    |ap_enable_reg_pp0_iter2                                |   1|   0|    1|          0|
    |ap_enable_reg_pp0_iter20                               |   1|   0|    1|          0|
    |ap_enable_reg_pp0_iter21                               |   1|   0|    1|          0|
    |ap_enable_reg_pp0_iter22                               |   1|   0|    1|          0|
    |ap_enable_reg_pp0_iter23                               |   1|   0|    1|          0|
    |ap_enable_reg_pp0_iter24                               |   1|   0|    1|          0|
    |ap_enable_reg_pp0_iter25                               |   1|   0|    1|          0|
    |ap_enable_reg_pp0_iter26                               |   1|   0|    1|          0|
    |ap_enable_reg_pp0_iter27                               |   1|   0|    1|          0|
    |ap_enable_reg_pp0_iter3                                |   1|   0|    1|          0|
    |ap_enable_reg_pp0_iter4                                |   1|   0|    1|          0|
    |ap_enable_reg_pp0_iter5                                |   1|   0|    1|          0|
    |ap_enable_reg_pp0_iter6                                |   1|   0|    1|          0|
    |ap_enable_reg_pp0_iter7                                |   1|   0|    1|          0|
    |ap_enable_reg_pp0_iter8                                |   1|   0|    1|          0|
    |ap_enable_reg_pp0_iter9                                |   1|   0|    1|          0|
    |empty_50_reg_2625                                      |  13|   0|   13|          0|
    |empty_51_reg_2630                                      |  13|   0|   13|          0|
    |empty_52_reg_2635                                      |  13|   0|   13|          0|
    |empty_52_reg_2635_pp0_iter1_reg                        |  13|   0|   13|          0|
    |empty_53_reg_2640                                      |  13|   0|   13|          0|
    |empty_53_reg_2640_pp0_iter1_reg                        |  13|   0|   13|          0|
    |empty_56_reg_2645                                      |  13|   0|   13|          0|
    |empty_57_reg_2650                                      |  13|   0|   13|          0|
    |empty_61_reg_2720                                      |  13|   0|   13|          0|
    |fir_int_int_shift_reg                                  |  16|   0|   16|          0|
    |fir_int_int_shift_reg_1                                |  16|   0|   16|          0|
    |fir_int_int_shift_reg_10_reg_2350                      |  16|   0|   16|          0|
    |fir_int_int_shift_reg_12_reg_2355                      |  16|   0|   16|          0|
    |fir_int_int_shift_reg_12_reg_2355_pp0_iter1_reg        |  16|   0|   16|          0|
    |fir_int_int_shift_reg_13_reg_2370                      |  16|   0|   16|          0|
    |fir_int_int_shift_reg_18_reg_2385                      |  16|   0|   16|          0|
    |fir_int_int_shift_reg_19_reg_2390                      |  16|   0|   16|          0|
    |fir_int_int_shift_reg_2                                |  16|   0|   16|          0|
    |fir_int_int_shift_reg_20_reg_2395                      |  16|   0|   16|          0|
    |fir_int_int_shift_reg_21_reg_2400                      |  16|   0|   16|          0|
    |fir_int_int_shift_reg_22_reg_2405                      |  16|   0|   16|          0|
    |fir_int_int_shift_reg_23_reg_2435                      |  16|   0|   16|          0|
    |fir_int_int_shift_reg_24_reg_2440                      |  16|   0|   16|          0|
    |fir_int_int_shift_reg_26_reg_2445                      |  16|   0|   16|          0|
    |fir_int_int_shift_reg_26_reg_2445_pp0_iter1_reg        |  16|   0|   16|          0|
    |fir_int_int_shift_reg_29_reg_2460                      |  16|   0|   16|          0|
    |fir_int_int_shift_reg_3                                |  16|   0|   16|          0|
    |fir_int_int_shift_reg_30_reg_2465                      |  16|   0|   16|          0|
    |fir_int_int_shift_reg_33_reg_2470                      |  16|   0|   16|          0|
    |fir_int_int_shift_reg_35_reg_2475                      |  16|   0|   16|          0|
    |fir_int_int_shift_reg_36_reg_2480                      |  16|   0|   16|          0|
    |fir_int_int_shift_reg_37_reg_2485                      |  16|   0|   16|          0|
    |fir_int_int_shift_reg_38_reg_2515                      |  16|   0|   16|          0|
    |fir_int_int_shift_reg_39_reg_2520                      |  16|   0|   16|          0|
    |fir_int_int_shift_reg_3_load_reg_2620                  |  16|   0|   16|          0|
    |fir_int_int_shift_reg_4                                |  16|   0|   16|          0|
    |fir_int_int_shift_reg_40_reg_2525                      |  16|   0|   16|          0|
    |fir_int_int_shift_reg_41_reg_2530                      |  16|   0|   16|          0|
    |fir_int_int_shift_reg_42_reg_2535                      |  16|   0|   16|          0|
    |fir_int_int_shift_reg_43_reg_2565                      |  16|   0|   16|          0|
    |fir_int_int_shift_reg_44_reg_2570                      |  16|   0|   16|          0|
    |fir_int_int_shift_reg_45_reg_2575                      |  16|   0|   16|          0|
    |fir_int_int_shift_reg_46_reg_2580                      |  16|   0|   16|          0|
    |fir_int_int_shift_reg_47_reg_2585                      |  16|   0|   16|          0|
    |fir_int_int_shift_reg_4_load_reg_2615                  |  16|   0|   16|          0|
    |fir_int_int_shift_reg_4_reg_2305                       |  16|   0|   16|          0|
    |fir_int_int_shift_reg_5                                |  16|   0|   16|          0|
    |fir_int_int_shift_reg_5_reg_2310                       |  16|   0|   16|          0|
    |fir_int_int_shift_reg_6                                |  16|   0|   16|          0|
    |fir_int_int_shift_reg_6_load_reg_2610                  |  16|   0|   16|          0|
    |fir_int_int_shift_reg_6_reg_2315                       |  16|   0|   16|          0|
    |fir_int_int_shift_reg_7                                |  16|   0|   16|          0|
    |fir_int_int_shift_reg_7_load_reg_2605                  |  16|   0|   16|          0|
    |fir_int_int_shift_reg_7_reg_2320                       |  16|   0|   16|          0|
    |fir_int_int_shift_reg_8                                |  16|   0|   16|          0|
    |fir_int_int_shift_reg_8_load_reg_2600                  |  16|   0|   16|          0|
    |fir_int_int_shift_reg_9                                |  16|   0|   16|          0|
    |fir_int_int_shift_reg_9_load_reg_2595                  |  16|   0|   16|          0|
    |fir_int_int_shift_reg_reg_2300                         |  16|   0|   16|          0|
    |p_ZZ3firPiiE9shift_reg_10                              |  16|   0|   16|          0|
    |p_ZZ3firPiiE9shift_reg_100                             |  16|   0|   16|          0|
    |p_ZZ3firPiiE9shift_reg_101                             |  16|   0|   16|          0|
    |p_ZZ3firPiiE9shift_reg_102                             |  16|   0|   16|          0|
    |p_ZZ3firPiiE9shift_reg_103                             |  16|   0|   16|          0|
    |p_ZZ3firPiiE9shift_reg_104                             |  16|   0|   16|          0|
    |p_ZZ3firPiiE9shift_reg_105                             |  16|   0|   16|          0|
    |p_ZZ3firPiiE9shift_reg_106                             |  16|   0|   16|          0|
    |p_ZZ3firPiiE9shift_reg_107                             |  16|   0|   16|          0|
    |p_ZZ3firPiiE9shift_reg_107_load_reg_2294               |  16|   0|   16|          0|
    |p_ZZ3firPiiE9shift_reg_108                             |  16|   0|   16|          0|
    |p_ZZ3firPiiE9shift_reg_109                             |  16|   0|   16|          0|
    |p_ZZ3firPiiE9shift_reg_10_load_reg_2590                |  16|   0|   16|          0|
    |p_ZZ3firPiiE9shift_reg_11                              |  16|   0|   16|          0|
    |p_ZZ3firPiiE9shift_reg_110                             |  16|   0|   16|          0|
    |p_ZZ3firPiiE9shift_reg_111                             |  16|   0|   16|          0|
    |p_ZZ3firPiiE9shift_reg_112                             |  16|   0|   16|          0|
    |p_ZZ3firPiiE9shift_reg_113                             |  16|   0|   16|          0|
    |p_ZZ3firPiiE9shift_reg_114                             |  16|   0|   16|          0|
    |p_ZZ3firPiiE9shift_reg_115                             |  16|   0|   16|          0|
    |p_ZZ3firPiiE9shift_reg_116                             |  16|   0|   16|          0|
    |p_ZZ3firPiiE9shift_reg_117                             |  16|   0|   16|          0|
    |p_ZZ3firPiiE9shift_reg_118                             |  16|   0|   16|          0|
    |p_ZZ3firPiiE9shift_reg_119                             |  16|   0|   16|          0|
    |p_ZZ3firPiiE9shift_reg_12                              |  16|   0|   16|          0|
    |p_ZZ3firPiiE9shift_reg_120                             |  16|   0|   16|          0|
    |p_ZZ3firPiiE9shift_reg_121                             |  16|   0|   16|          0|
    |p_ZZ3firPiiE9shift_reg_121_load_reg_2731               |  16|   0|   16|          0|
    |p_ZZ3firPiiE9shift_reg_122                             |  16|   0|   16|          0|
    |p_ZZ3firPiiE9shift_reg_123                             |  16|   0|   16|          0|
    |p_ZZ3firPiiE9shift_reg_124                             |  16|   0|   16|          0|
    |p_ZZ3firPiiE9shift_reg_125                             |  16|   0|   16|          0|
    |p_ZZ3firPiiE9shift_reg_125_load_reg_2725               |  16|   0|   16|          0|
    |p_ZZ3firPiiE9shift_reg_126                             |  16|   0|   16|          0|
    |p_ZZ3firPiiE9shift_reg_13                              |  16|   0|   16|          0|
    |p_ZZ3firPiiE9shift_reg_14                              |  16|   0|   16|          0|
    |p_ZZ3firPiiE9shift_reg_15                              |  16|   0|   16|          0|
    |p_ZZ3firPiiE9shift_reg_16                              |  16|   0|   16|          0|
    |p_ZZ3firPiiE9shift_reg_16_load_reg_2560                |  16|   0|   16|          0|
    |p_ZZ3firPiiE9shift_reg_17                              |  16|   0|   16|          0|
    |p_ZZ3firPiiE9shift_reg_17_load_reg_2555                |  16|   0|   16|          0|
    |p_ZZ3firPiiE9shift_reg_18                              |  16|   0|   16|          0|
    |p_ZZ3firPiiE9shift_reg_18_load_reg_2550                |  16|   0|   16|          0|
    |p_ZZ3firPiiE9shift_reg_19                              |  16|   0|   16|          0|
    |p_ZZ3firPiiE9shift_reg_19_load_reg_2545                |  16|   0|   16|          0|
    |p_ZZ3firPiiE9shift_reg_20                              |  16|   0|   16|          0|
    |p_ZZ3firPiiE9shift_reg_20_load_reg_2540                |  16|   0|   16|          0|
    |p_ZZ3firPiiE9shift_reg_21                              |  16|   0|   16|          0|
    |p_ZZ3firPiiE9shift_reg_22                              |  16|   0|   16|          0|
    |p_ZZ3firPiiE9shift_reg_23                              |  16|   0|   16|          0|
    |p_ZZ3firPiiE9shift_reg_24                              |  16|   0|   16|          0|
    |p_ZZ3firPiiE9shift_reg_25                              |  16|   0|   16|          0|
    |p_ZZ3firPiiE9shift_reg_26                              |  16|   0|   16|          0|
    |p_ZZ3firPiiE9shift_reg_26_load_reg_2510                |  16|   0|   16|          0|
    |p_ZZ3firPiiE9shift_reg_27                              |  16|   0|   16|          0|
    |p_ZZ3firPiiE9shift_reg_27_load_reg_2505                |  16|   0|   16|          0|
    |p_ZZ3firPiiE9shift_reg_28                              |  16|   0|   16|          0|
    |p_ZZ3firPiiE9shift_reg_28_load_reg_2500                |  16|   0|   16|          0|
    |p_ZZ3firPiiE9shift_reg_29                              |  16|   0|   16|          0|
    |p_ZZ3firPiiE9shift_reg_29_load_reg_2495                |  16|   0|   16|          0|
    |p_ZZ3firPiiE9shift_reg_30                              |  16|   0|   16|          0|
    |p_ZZ3firPiiE9shift_reg_30_load_reg_2490                |  16|   0|   16|          0|
    |p_ZZ3firPiiE9shift_reg_31                              |  16|   0|   16|          0|
    |p_ZZ3firPiiE9shift_reg_32                              |  16|   0|   16|          0|
    |p_ZZ3firPiiE9shift_reg_33                              |  16|   0|   16|          0|
    |p_ZZ3firPiiE9shift_reg_34                              |  16|   0|   16|          0|
    |p_ZZ3firPiiE9shift_reg_35                              |  16|   0|   16|          0|
    |p_ZZ3firPiiE9shift_reg_36                              |  16|   0|   16|          0|
    |p_ZZ3firPiiE9shift_reg_37                              |  16|   0|   16|          0|
    |p_ZZ3firPiiE9shift_reg_38                              |  16|   0|   16|          0|
    |p_ZZ3firPiiE9shift_reg_39                              |  16|   0|   16|          0|
    |p_ZZ3firPiiE9shift_reg_40                              |  16|   0|   16|          0|
    |p_ZZ3firPiiE9shift_reg_41                              |  16|   0|   16|          0|
    |p_ZZ3firPiiE9shift_reg_42                              |  16|   0|   16|          0|
    |p_ZZ3firPiiE9shift_reg_43                              |  16|   0|   16|          0|
    |p_ZZ3firPiiE9shift_reg_44                              |  16|   0|   16|          0|
    |p_ZZ3firPiiE9shift_reg_45                              |  16|   0|   16|          0|
    |p_ZZ3firPiiE9shift_reg_46                              |  16|   0|   16|          0|
    |p_ZZ3firPiiE9shift_reg_47                              |  16|   0|   16|          0|
    |p_ZZ3firPiiE9shift_reg_47_load_reg_2455                |  16|   0|   16|          0|
    |p_ZZ3firPiiE9shift_reg_48                              |  16|   0|   16|          0|
    |p_ZZ3firPiiE9shift_reg_49                              |  16|   0|   16|          0|
    |p_ZZ3firPiiE9shift_reg_49_load_reg_2450                |  16|   0|   16|          0|
    |p_ZZ3firPiiE9shift_reg_50                              |  16|   0|   16|          0|
    |p_ZZ3firPiiE9shift_reg_51                              |  16|   0|   16|          0|
    |p_ZZ3firPiiE9shift_reg_52                              |  16|   0|   16|          0|
    |p_ZZ3firPiiE9shift_reg_53                              |  16|   0|   16|          0|
    |p_ZZ3firPiiE9shift_reg_54                              |  16|   0|   16|          0|
    |p_ZZ3firPiiE9shift_reg_55                              |  16|   0|   16|          0|
    |p_ZZ3firPiiE9shift_reg_56                              |  16|   0|   16|          0|
    |p_ZZ3firPiiE9shift_reg_56_load_reg_2430                |  16|   0|   16|          0|
    |p_ZZ3firPiiE9shift_reg_57                              |  16|   0|   16|          0|
    |p_ZZ3firPiiE9shift_reg_57_load_reg_2425                |  16|   0|   16|          0|
    |p_ZZ3firPiiE9shift_reg_58                              |  16|   0|   16|          0|
    |p_ZZ3firPiiE9shift_reg_58_load_reg_2420                |  16|   0|   16|          0|
    |p_ZZ3firPiiE9shift_reg_59                              |  16|   0|   16|          0|
    |p_ZZ3firPiiE9shift_reg_59_load_reg_2415                |  16|   0|   16|          0|
    |p_ZZ3firPiiE9shift_reg_60                              |  16|   0|   16|          0|
    |p_ZZ3firPiiE9shift_reg_60_load_reg_2410                |  16|   0|   16|          0|
    |p_ZZ3firPiiE9shift_reg_61                              |  16|   0|   16|          0|
    |p_ZZ3firPiiE9shift_reg_62                              |  16|   0|   16|          0|
    |p_ZZ3firPiiE9shift_reg_63                              |  16|   0|   16|          0|
    |p_ZZ3firPiiE9shift_reg_64                              |  16|   0|   16|          0|
    |p_ZZ3firPiiE9shift_reg_65                              |  16|   0|   16|          0|
    |p_ZZ3firPiiE9shift_reg_66                              |  16|   0|   16|          0|
    |p_ZZ3firPiiE9shift_reg_67                              |  16|   0|   16|          0|
    |p_ZZ3firPiiE9shift_reg_67_load_reg_2380                |  16|   0|   16|          0|
    |p_ZZ3firPiiE9shift_reg_67_load_reg_2380_pp0_iter1_reg  |  16|   0|   16|          0|
    |p_ZZ3firPiiE9shift_reg_68                              |  16|   0|   16|          0|
    |p_ZZ3firPiiE9shift_reg_68_load_reg_2375                |  16|   0|   16|          0|
    |p_ZZ3firPiiE9shift_reg_69                              |  16|   0|   16|          0|
    |p_ZZ3firPiiE9shift_reg_70                              |  16|   0|   16|          0|
    |p_ZZ3firPiiE9shift_reg_71                              |  16|   0|   16|          0|
    |p_ZZ3firPiiE9shift_reg_72                              |  16|   0|   16|          0|
    |p_ZZ3firPiiE9shift_reg_73                              |  16|   0|   16|          0|
    |p_ZZ3firPiiE9shift_reg_74                              |  16|   0|   16|          0|
    |p_ZZ3firPiiE9shift_reg_75                              |  16|   0|   16|          0|
    |p_ZZ3firPiiE9shift_reg_76                              |  16|   0|   16|          0|
    |p_ZZ3firPiiE9shift_reg_76_load_reg_2365                |  16|   0|   16|          0|
    |p_ZZ3firPiiE9shift_reg_77                              |  16|   0|   16|          0|
    |p_ZZ3firPiiE9shift_reg_78                              |  16|   0|   16|          0|
    |p_ZZ3firPiiE9shift_reg_79                              |  16|   0|   16|          0|
    |p_ZZ3firPiiE9shift_reg_79_load_reg_2360                |  16|   0|   16|          0|
    |p_ZZ3firPiiE9shift_reg_80                              |  16|   0|   16|          0|
    |p_ZZ3firPiiE9shift_reg_81                              |  16|   0|   16|          0|
    |p_ZZ3firPiiE9shift_reg_82                              |  16|   0|   16|          0|
    |p_ZZ3firPiiE9shift_reg_83                              |  16|   0|   16|          0|
    |p_ZZ3firPiiE9shift_reg_84                              |  16|   0|   16|          0|
    |p_ZZ3firPiiE9shift_reg_85                              |  16|   0|   16|          0|
    |p_ZZ3firPiiE9shift_reg_86                              |  16|   0|   16|          0|
    |p_ZZ3firPiiE9shift_reg_86_load_reg_2345                |  16|   0|   16|          0|
    |p_ZZ3firPiiE9shift_reg_87                              |  16|   0|   16|          0|
    |p_ZZ3firPiiE9shift_reg_87_load_reg_2340                |  16|   0|   16|          0|
    |p_ZZ3firPiiE9shift_reg_88                              |  16|   0|   16|          0|
    |p_ZZ3firPiiE9shift_reg_88_load_reg_2335                |  16|   0|   16|          0|
    |p_ZZ3firPiiE9shift_reg_89                              |  16|   0|   16|          0|
    |p_ZZ3firPiiE9shift_reg_89_load_reg_2330                |  16|   0|   16|          0|
    |p_ZZ3firPiiE9shift_reg_90                              |  16|   0|   16|          0|
    |p_ZZ3firPiiE9shift_reg_90_load_reg_2325                |  16|   0|   16|          0|
    |p_ZZ3firPiiE9shift_reg_91                              |  16|   0|   16|          0|
    |p_ZZ3firPiiE9shift_reg_92                              |  16|   0|   16|          0|
    |p_ZZ3firPiiE9shift_reg_93                              |  16|   0|   16|          0|
    |p_ZZ3firPiiE9shift_reg_94                              |  16|   0|   16|          0|
    |p_ZZ3firPiiE9shift_reg_95                              |  16|   0|   16|          0|
    |p_ZZ3firPiiE9shift_reg_96                              |  16|   0|   16|          0|
    |p_ZZ3firPiiE9shift_reg_97                              |  16|   0|   16|          0|
    |p_ZZ3firPiiE9shift_reg_98                              |  16|   0|   16|          0|
    |p_ZZ3firPiiE9shift_reg_99                              |  16|   0|   16|          0|
    |tmp104_reg_2892                                        |  16|   0|   16|          0|
    |tmp106_reg_2902                                        |  16|   0|   16|          0|
    |tmp108_reg_2912                                        |  16|   0|   16|          0|
    |tmp10_reg_2746                                         |  16|   0|   16|          0|
    |tmp110_reg_2917                                        |  16|   0|   16|          0|
    |tmp119_reg_2927                                        |  16|   0|   16|          0|
    |tmp121_reg_2932                                        |  16|   0|   16|          0|
    |tmp123_reg_2937                                        |  16|   0|   16|          0|
    |tmp125_reg_2942                                        |  16|   0|   16|          0|
    |tmp127_reg_2947                                        |  16|   0|   16|          0|
    |tmp129_reg_2952                                        |  16|   0|   16|          0|
    |tmp12_reg_2801                                         |  16|   0|   16|          0|
    |tmp131_reg_2957                                        |  16|   0|   16|          0|
    |tmp133_reg_2962                                        |  16|   0|   16|          0|
    |tmp135_reg_2967                                        |  16|   0|   16|          0|
    |tmp137_reg_2972                                        |  16|   0|   16|          0|
    |tmp139_reg_2977                                        |  16|   0|   16|          0|
    |tmp141_reg_2982                                        |  16|   0|   16|          0|
    |tmp143_reg_2987                                        |  16|   0|   16|          0|
    |tmp14_reg_2751                                         |  16|   0|   16|          0|
    |tmp159_reg_2680                                        |  16|   0|   16|          0|
    |tmp161_reg_2776                                        |  16|   0|   16|          0|
    |tmp165_reg_2806                                        |  16|   0|   16|          0|
    |tmp167_reg_2826                                        |  16|   0|   16|          0|
    |tmp169_reg_2846                                        |  16|   0|   16|          0|
    |tmp16_reg_2756                                         |  16|   0|   16|          0|
    |tmp173_reg_2867                                        |  16|   0|   16|          0|
    |tmp175_reg_2877                                        |  16|   0|   16|          0|
    |tmp188_reg_2700                                        |  16|   0|   16|          0|
    |tmp18_reg_2761                                         |  16|   0|   16|          0|
    |tmp190_reg_2781                                        |  16|   0|   16|          0|
    |tmp192_reg_2811                                        |  16|   0|   16|          0|
    |tmp195_reg_2831                                        |  16|   0|   16|          0|
    |tmp197_reg_2851                                        |  16|   0|   16|          0|
    |tmp206_reg_2710                                        |  13|   0|   13|          0|
    |tmp208_reg_2786                                        |  13|   0|   13|          0|
    |tmp210_reg_2816                                        |  13|   0|   13|          0|
    |tmp213_reg_2836                                        |  13|   0|   13|          0|
    |tmp2151_reg_2857                                       |  13|   0|   13|          0|
    |tmp21_reg_2655                                         |  16|   0|   16|          0|
    |tmp23_reg_2887                                         |  16|   0|   16|          0|
    |tmp25_reg_2660                                         |  16|   0|   16|          0|
    |tmp26_reg_2766                                         |  16|   0|   16|          0|
    |tmp28_reg_2665                                         |  16|   0|   16|          0|
    |tmp2_reg_2791                                          |  16|   0|   16|          0|
    |tmp31_reg_2922                                         |  16|   0|   16|          0|
    |tmp32_reg_2670                                         |  16|   0|   16|          0|
    |tmp33_reg_2771                                         |  16|   0|   16|          0|
    |tmp35_reg_2675                                         |  16|   0|   16|          0|
    |tmp38_reg_2685                                         |  16|   0|   16|          0|
    |tmp38_reg_2685_pp0_iter1_reg                           |  16|   0|   16|          0|
    |tmp41_reg_2690                                         |  16|   0|   16|          0|
    |tmp43_reg_2695                                         |  16|   0|   16|          0|
    |tmp45_reg_2705                                         |  16|   0|   16|          0|
    |tmp47_reg_2715                                         |  13|   0|   13|          0|
    |tmp5_reg_2736                                          |  16|   0|   16|          0|
    |tmp7_reg_2796                                          |  16|   0|   16|          0|
    |tmp89_reg_2841                                         |  16|   0|   16|          0|
    |tmp91_reg_2862                                         |  16|   0|   16|          0|
    |tmp93_reg_2872                                         |  16|   0|   16|          0|
    |tmp95_reg_2882                                         |  16|   0|   16|          0|
    |tmp9_reg_2741                                          |  16|   0|   16|          0|
    |tmp_reg_2821                                           |  16|   0|   16|          0|
    |trunc_ln32_reg_2289                                    |  16|   0|   16|          0|
    |trunc_ln32_reg_2289_pp0_iter1_reg                      |  16|   0|   16|          0|
    |add_ln50_1_reg_2907                                    |  64|  32|   16|          0|
    |empty_56_reg_2645                                      |  64|  32|   13|          0|
    |empty_57_reg_2650                                      |  64|  32|   13|          0|
    |empty_61_reg_2720                                      |  64|  32|   13|          0|
    |fir_int_int_shift_reg_18_reg_2385                      |  64|  32|   16|          0|
    |fir_int_int_shift_reg_19_reg_2390                      |  64|  32|   16|          0|
    |fir_int_int_shift_reg_20_reg_2395                      |  64|  32|   16|          0|
    |fir_int_int_shift_reg_21_reg_2400                      |  64|  32|   16|          0|
    |fir_int_int_shift_reg_22_reg_2405                      |  64|  32|   16|          0|
    |fir_int_int_shift_reg_23_reg_2435                      |  64|  32|   16|          0|
    |fir_int_int_shift_reg_24_reg_2440                      |  64|  32|   16|          0|
    |fir_int_int_shift_reg_33_reg_2470                      |  64|  32|   16|          0|
    |fir_int_int_shift_reg_35_reg_2475                      |  64|  32|   16|          0|
    |fir_int_int_shift_reg_36_reg_2480                      |  64|  32|   16|          0|
    |fir_int_int_shift_reg_37_reg_2485                      |  64|  32|   16|          0|
    |fir_int_int_shift_reg_38_reg_2515                      |  64|  32|   16|          0|
    |fir_int_int_shift_reg_39_reg_2520                      |  64|  32|   16|          0|
    |fir_int_int_shift_reg_3_load_reg_2620                  |  64|  32|   16|          0|
    |fir_int_int_shift_reg_40_reg_2525                      |  64|  32|   16|          0|
    |fir_int_int_shift_reg_41_reg_2530                      |  64|  32|   16|          0|
    |fir_int_int_shift_reg_42_reg_2535                      |  64|  32|   16|          0|
    |fir_int_int_shift_reg_43_reg_2565                      |  64|  32|   16|          0|
    |fir_int_int_shift_reg_44_reg_2570                      |  64|  32|   16|          0|
    |fir_int_int_shift_reg_45_reg_2575                      |  64|  32|   16|          0|
    |fir_int_int_shift_reg_46_reg_2580                      |  64|  32|   16|          0|
    |fir_int_int_shift_reg_47_reg_2585                      |  64|  32|   16|          0|
    |fir_int_int_shift_reg_4_load_reg_2615                  |  64|  32|   16|          0|
    |fir_int_int_shift_reg_4_reg_2305                       |  64|  32|   16|          0|
    |fir_int_int_shift_reg_5_reg_2310                       |  64|  32|   16|          0|
    |fir_int_int_shift_reg_6_load_reg_2610                  |  64|  32|   16|          0|
    |fir_int_int_shift_reg_6_reg_2315                       |  64|  32|   16|          0|
    |fir_int_int_shift_reg_7_load_reg_2605                  |  64|  32|   16|          0|
    |fir_int_int_shift_reg_7_reg_2320                       |  64|  32|   16|          0|
    |fir_int_int_shift_reg_8_load_reg_2600                  |  64|  32|   16|          0|
    |fir_int_int_shift_reg_9_load_reg_2595                  |  64|  32|   16|          0|
    |fir_int_int_shift_reg_reg_2300                         |  64|  32|   16|          0|
    |p_ZZ3firPiiE9shift_reg_10_load_reg_2590                |  64|  32|   16|          0|
    |p_ZZ3firPiiE9shift_reg_16_load_reg_2560                |  64|  32|   16|          0|
    |p_ZZ3firPiiE9shift_reg_17_load_reg_2555                |  64|  32|   16|          0|
    |p_ZZ3firPiiE9shift_reg_18_load_reg_2550                |  64|  32|   16|          0|
    |p_ZZ3firPiiE9shift_reg_19_load_reg_2545                |  64|  32|   16|          0|
    |p_ZZ3firPiiE9shift_reg_20_load_reg_2540                |  64|  32|   16|          0|
    |p_ZZ3firPiiE9shift_reg_26_load_reg_2510                |  64|  32|   16|          0|
    |p_ZZ3firPiiE9shift_reg_27_load_reg_2505                |  64|  32|   16|          0|
    |p_ZZ3firPiiE9shift_reg_28_load_reg_2500                |  64|  32|   16|          0|
    |p_ZZ3firPiiE9shift_reg_29_load_reg_2495                |  64|  32|   16|          0|
    |p_ZZ3firPiiE9shift_reg_30_load_reg_2490                |  64|  32|   16|          0|
    |p_ZZ3firPiiE9shift_reg_47_load_reg_2455                |  64|  32|   16|          0|
    |p_ZZ3firPiiE9shift_reg_49_load_reg_2450                |  64|  32|   16|          0|
    |p_ZZ3firPiiE9shift_reg_56_load_reg_2430                |  64|  32|   16|          0|
    |p_ZZ3firPiiE9shift_reg_57_load_reg_2425                |  64|  32|   16|          0|
    |p_ZZ3firPiiE9shift_reg_58_load_reg_2420                |  64|  32|   16|          0|
    |p_ZZ3firPiiE9shift_reg_59_load_reg_2415                |  64|  32|   16|          0|
    |p_ZZ3firPiiE9shift_reg_60_load_reg_2410                |  64|  32|   16|          0|
    |p_ZZ3firPiiE9shift_reg_79_load_reg_2360                |  64|  32|   16|          0|
    |p_ZZ3firPiiE9shift_reg_88_load_reg_2335                |  64|  32|   16|          0|
    |p_ZZ3firPiiE9shift_reg_89_load_reg_2330                |  64|  32|   16|          0|
    |p_ZZ3firPiiE9shift_reg_90_load_reg_2325                |  64|  32|   16|          0|
    |tmp197_reg_2851                                        |  64|  32|   16|          0|
    |tmp2151_reg_2857                                       |  64|  32|   13|          0|
    |tmp25_reg_2660                                         |  64|  32|   16|          0|
    |tmp26_reg_2766                                         |  64|  32|   16|          0|
    |tmp32_reg_2670                                         |  64|  32|   16|          0|
    |tmp33_reg_2771                                         |  64|  32|   16|          0|
    |tmp41_reg_2690                                         |  64|  32|   16|          0|
    |tmp43_reg_2695                                         |  64|  32|   16|          0|
    |tmp45_reg_2705                                         |  64|  32|   16|          0|
    |tmp47_reg_2715                                         |  64|  32|   13|          0|
    +-------------------------------------------------------+----+----+-----+-----------+
    |Total                                                  |8703|2176| 5424|          0|
    +-------------------------------------------------------+----+----+-----+-----------+



================================================================
== Interface
================================================================
* Summary: 
+----------+-----+-----+------------+--------------+--------------+
| RTL Ports| Dir | Bits|  Protocol  | Source Object|    C Type    |
+----------+-----+-----+------------+--------------+--------------+
|ap_clk    |   in|    1|  ap_ctrl_hs|           fir|  return value|
|ap_rst    |   in|    1|  ap_ctrl_hs|           fir|  return value|
|ap_start  |   in|    1|  ap_ctrl_hs|           fir|  return value|
|ap_done   |  out|    1|  ap_ctrl_hs|           fir|  return value|
|ap_idle   |  out|    1|  ap_ctrl_hs|           fir|  return value|
|ap_ready  |  out|    1|  ap_ctrl_hs|           fir|  return value|
|y         |  out|   32|      ap_vld|             y|       pointer|
|y_ap_vld  |  out|    1|      ap_vld|             y|       pointer|
|x         |   in|   32|     ap_none|             x|        scalar|
+----------+-----+-----+------------+--------------+--------------+

