

================================================================
== Vitis HLS Report for 'fir'
================================================================
* Date:           Sun Oct  4 23:44:11 2026

* Version:        2024.2 (Build 5238294 on Nov  8 2024)
* Project:        fir.comp
* Solution:       hls (Vivado IP Flow Target)
* Product family: zynq
* Target device:  xc7z020-clg400-1


================================================================
== Performance Estimates
================================================================
+ Timing: 
    * Summary: 
    +--------+----------+----------+------------+
    |  Clock |  Target  | Estimated| Uncertainty|
    +--------+----------+----------+------------+
    |ap_clk  |  10.00 ns|  6.508 ns|     2.70 ns|
    +--------+----------+----------+------------+

+ Latency: 
    * Summary: 
    +---------+---------+----------+----------+-----+-----+---------+
    |  Latency (cycles) |  Latency (absolute) |  Interval | Pipeline|
    |   min   |   max   |    min   |    max   | min | max |   Type  |
    +---------+---------+----------+----------+-----+-----+---------+
    |      385|      513|  3.850 us|  5.130 us|  386|  514|       no|
    +---------+---------+----------+----------+-----+-----+---------+

    + Detail: 
        * Instance: 
        N/A

        * Loop: 
        +--------------------+---------+---------+----------+-----------+-----------+------+----------+
        |                    |  Latency (cycles) | Iteration|  Initiation Interval  | Trip |          |
        |      Loop Name     |   min   |   max   |  Latency |  achieved |   target  | Count| Pipelined|
        +--------------------+---------+---------+----------+-----------+-----------+------+----------+
        |- Shift_Accum_Loop  |      384|      512|     3 ~ 4|          -|          -|   128|        no|
        +--------------------+---------+---------+----------+-----------+-----------+------+----------+



================================================================
== Utilization Estimates
================================================================
* Summary: 
+-----------------+---------+-----+--------+-------+-----+
|       Name      | BRAM_18K| DSP |   FF   |  LUT  | URAM|
+-----------------+---------+-----+--------+-------+-----+
|DSP              |        -|    -|       -|      -|    -|
|Expression       |        -|    -|       0|     90|    -|
|FIFO             |        -|    -|       -|      -|    -|
|Instance         |        -|    1|       0|      6|    -|
|Memory           |        1|    -|       5|     10|    0|
|Multiplexer      |        -|    -|       0|     92|    -|
|Register         |        -|    -|     122|      -|    -|
+-----------------+---------+-----+--------+-------+-----+
|Total            |        1|    1|     127|    198|    0|
+-----------------+---------+-----+--------+-------+-----+
|Available        |      280|  220|  106400|  53200|    0|
+-----------------+---------+-----+--------+-------+-----+
|Utilization (%)  |       ~0|   ~0|      ~0|     ~0|    0|
+-----------------+---------+-----+--------+-------+-----+

+ Detail: 
    * Instance: 
    +----------------------+-------------------+---------+----+---+----+-----+
    |       Instance       |       Module      | BRAM_18K| DSP| FF| LUT| URAM|
    +----------------------+-------------------+---------+----+---+----+-----+
    |mul_5s_16s_16_1_1_U1  |mul_5s_16s_16_1_1  |        0|   1|  0|   6|    0|
    +----------------------+-------------------+---------+----+---+----+-----+
    |Total                 |                   |        0|   1|  0|   6|    0|
    +----------------------+-------------------+---------+----+---+----+-----+

    * DSP: 
    N/A

    * Memory: 
    +-------------+-------------------------+---------+---+----+-----+------+-----+------+-------------+
    |    Memory   |          Module         | BRAM_18K| FF| LUT| URAM| Words| Bits| Banks| W*Bits*Banks|
    +-------------+-------------------------+---------+---+----+-----+------+-----+------+-------------+
    |c_U          |c_ROM_AUTO_1R            |        0|  5|  10|    0|   128|    5|     1|          640|
    |shift_reg_U  |shift_reg_RAM_AUTO_1R1W  |        1|  0|   0|    0|   128|   32|     1|         4096|
    +-------------+-------------------------+---------+---+----+-----+------+-----+------+-------------+
    |Total        |                         |        1|  5|  10|    0|   256|   37|     2|         4736|
    +-------------+-------------------------+---------+---+----+-----+------+-----+------+-------------+

    * FIFO: 
    N/A

    * Expression: 
    +----------------------+----------+----+---+----+------------+------------+
    |     Variable Name    | Operation| DSP| FF| LUT| Bitwidth P0| Bitwidth P1|
    +----------------------+----------+----+---+----+------------+------------+
    |acc_1_fu_239_p2       |         +|   0|  0|  23|          16|          16|
    |add_ln33_fu_229_p2    |         +|   0|  0|  15|           8|           2|
    |add_ln39_fu_201_p2    |         +|   0|  0|  14|           7|           2|
    |mul_i_i282_fu_159_p2  |         +|   0|  0|  23|          16|          16|
    |icmp_ln35_fu_195_p2   |      icmp|   0|  0|  15|           8|           1|
    +----------------------+----------+----+---+----+------------+------------+
    |Total                 |          |   0|  0|  90|          55|          37|
    +----------------------+----------+----+---+----+------------+------------+

    * Multiplexer: 
    +--------------------------+----+-----------+-----+-----------+
    |           Name           | LUT| Input Size| Bits| Total Bits|
    +--------------------------+----+-----------+-----+-----------+
    |acc_fu_66                 |   9|          2|   16|         32|
    |ap_NS_fsm                 |  31|          6|    1|          6|
    |i_fu_70                   |   9|          2|    8|         16|
    |mul_i_i282_pn_reg_123     |   9|          2|   16|         32|
    |shift_reg_address0_local  |  20|          4|    7|         28|
    |shift_reg_d0_local        |  14|          3|   32|         96|
    +--------------------------+----+-----------+-----+-----------+
    |Total                     |  92|         19|   80|        210|
    +--------------------------+----+-----------+-----+-----------+

    * Register: 
    +-----------------------+----+----+-----+-----------+
    |          Name         | FF | LUT| Bits| Const Bits|
    +-----------------------+----+----+-----+-----------+
    |acc_fu_66              |  16|   0|   16|          0|
    |ap_CS_fsm              |   5|   0|    5|          0|
    |c_load_reg_304         |   5|   0|    5|          0|
    |i_fu_70                |   8|   0|    8|          0|
    |icmp_ln35_reg_285      |   1|   0|    1|          0|
    |mul_i_i282_pn_reg_123  |  16|   0|   16|          0|
    |mul_i_i282_reg_269     |  15|   0|   16|          1|
    |trunc_ln40_reg_299     |  16|   0|   16|          0|
    |x_read_reg_264         |  32|   0|   32|          0|
    |zext_ln33_reg_280      |   8|   0|   64|         56|
    +-----------------------+----+----+-----+-----------+
    |Total                  | 122|   0|  179|         57|
    +-----------------------+----+----+-----+-----------+



================================================================
== Interface
================================================================
* Summary: 
+----------+-----+-----+------------+--------------+--------------+
| RTL Ports| Dir | Bits|  Protocol  | Source Object|    C Type    |
+----------+-----+-----+------------+--------------+--------------+
|ap_clk    |   in|    1|  ap_ctrl_hs|           fir|  return value|
|ap_rst    |   in|    1|  ap_ctrl_hs|           fir|  return value|
|ap_start  |   in|    1|  ap_ctrl_hs|           fir|  return value|
|ap_done   |  out|    1|  ap_ctrl_hs|           fir|  return value|
|ap_idle   |  out|    1|  ap_ctrl_hs|           fir|  return value|
|ap_ready  |  out|    1|  ap_ctrl_hs|           fir|  return value|
|y         |  out|   32|      ap_vld|             y|       pointer|
|y_ap_vld  |  out|    1|      ap_vld|             y|       pointer|
|x         |   in|   32|     ap_none|             x|        scalar|
+----------+-----+-----+------------+--------------+--------------+

